line1 re  
line2
line3 re

